
===== 续跑起点 2026-08-28 13:15:37 =====
- 13:15:37 [0s] ===== 续跑（--resume）：运行ID=20260827-145546 已完成节点=11 腿数=111 =====
- 13:15:48 [11s] 节点[S0:播种] 已完成，跳过（续跑）
- 13:15:48 [11s] 节点[S0:读题体检] 已完成，跳过（续跑）
- 13:16:02 [25s] S0 完成：问题数=3
- 13:16:02 [25s] 节点[S0:预测与矩阵] 已完成，跳过（续跑）
- 13:16:02 [25s] 节点[G0] 已完成，跳过（续跑）
- 13:16:02 [25s] 节点[S1:侦察] 已完成，跳过（续跑）
- 13:16:07 [30s] S1 路线侦察：{1: ['群折射率—条纹级次回归', '解析信号相位展宽', '一阶复反射谱变投影反演'], 2: ['局部相位斜率稳定图', '截断Fresnel全谱直接拟合', '自相关零交叉周期估计'], 3: ['嵌套光学模型证据比', '整数谐波簇稀疏剖分', '矩阵束旋转阶数辨识']}
- 13:16:07 [30s] S1 锦标赛参赛问：[1, 2, 3]
- 13:16:07 [30s] 节点[S1:原型] 已完成，跳过（续跑）
- 13:16:07 [30s] 节点[S1:裁决] 已完成，跳过（续跑）
- 13:16:07 [30s] 节点[S1:定稿] 已完成，跳过（续跑）
- 13:16:11 [34s] 节点[G1] 已完成，跳过（续跑）
- 13:16:16 [39s] S2 依赖DAG：{1: [], 2: [], 3: [2]} → 拓扑分层 [[1, 2], [3]]
- 13:16:16 [39s] S2 第1层：问[1, 2] 已完成跳过（续跑）
- 13:16:16 [39s] S2 第2层启动：问[3] （上游 [2] 已过 G2）
[exec OK 3843ms] launched
- 13:16:42 [65s] 波次启动 1 腿(第1次)@f0f434ce94fb@a26d150b: ['建模_问题3']
- 13:21:51 [374s] !! 波次判死：蜂巢丢失（已等 308s，done=0/1）→ 重播种并重派本波 1 腿
- 13:26:44 [667s] !! 实例 087402ec7048@e96757ae 缺蜂巢 → 第1次播种（于 087402ec7048；累计实例池 ['087402ec7048@e96757ae', 'f0f434ce94fb@a26d150b']）
[exec OK 4505ms] launched
- 13:27:17 [700s] 波次启动 1 腿(第1次)@f0f434ce94fb@a26d150b: ['建模_问题3']
- 13:31:58 [981s] 即时回传[波次-建模_问题3]: 7 文件 / 242KB（累计 7 文件）

===== 续跑起点（P0+P1 修复后） 2026-08-28 13:40:37 =====
- 13:40:37 [667s] ===== 续跑（--resume）：运行ID=20260827-145546 已完成节点=11 腿数=113 =====
- 13:40:47 [677s] 节点[S0:播种] 已完成，跳过（续跑）
- 13:40:47 [677s] 节点[S0:读题体检] 已完成，跳过（续跑）
- 13:41:02 [691s] S0 完成：问题数=3
- 13:41:02 [691s] 节点[S0:预测与矩阵] 已完成，跳过（续跑）
- 13:41:02 [691s] 节点[G0] 已完成，跳过（续跑）
- 13:41:02 [691s] 节点[S1:侦察] 已完成，跳过（续跑）
- 13:41:07 [696s] S1 路线侦察：{1: ['群折射率—条纹级次回归', '解析信号相位展宽', '一阶复反射谱变投影反演'], 2: ['局部相位斜率稳定图', '截断Fresnel全谱直接拟合', '自相关零交叉周期估计'], 3: ['嵌套光学模型证据比', '整数谐波簇稀疏剖分', '矩阵束旋转阶数辨识']}
- 13:41:07 [696s] S1 锦标赛参赛问：[1, 2, 3]
- 13:41:07 [696s] 节点[S1:原型] 已完成，跳过（续跑）
- 13:41:07 [696s] 节点[S1:裁决] 已完成，跳过（续跑）
- 13:41:07 [696s] 节点[S1:定稿] 已完成，跳过（续跑）
- 13:41:11 [701s] 节点[G1] 已完成，跳过（续跑）
- 13:41:17 [706s] S2 依赖DAG：{1: [], 2: [], 3: [2]} → 拓扑分层 [[1, 2], [3]]
- 13:41:17 [706s] S2 第1层：问[1, 2] 已完成跳过（续跑）
- 13:41:17 [706s] S2 第2层启动：问[3] （上游 [2] 已过 G2）
[exec OK 3380ms] launched
- 13:41:42 [731s] 波次启动 1 腿(第1次)@f0f434ce94fb@a26d150b: ['建模_问题3']
- 13:46:56 [1046s] 即时回传[波次-建模_问题3]: 228 文件 / 5273KB（累计 228 文件）
- 13:47:41 [1091s] 脚本 求解/问题3/求解_问题3.py 第1次 rc=0
- 13:47:45 [1095s] 即时回传[脚本-执行_问题3]: 5 文件 / 13KB（累计 233 文件）
[exec OK 4403ms] launched
- 13:48:08 [1118s] 波次启动 1 腿(第1次)@f0f434ce94fb@a26d150b: ['解读_问题3_轮1']
- 13:49:54 [1223s] 即时回传[波次-解读_问题3_轮1]: 5 文件 / 124KB（累计 238 文件）
- 13:49:57 [1227s] 问题3 解读轮1: FAIL
[exec OK 4249ms] launched
- 13:50:18 [1248s] 波次启动 1 腿(第1次)@f0f434ce94fb@a26d150b: ['修复_问题3_1']
- 13:58:55 [1765s] 即时回传[波次-修复_问题3_1]: 7 文件 / 1117KB（累计 245 文件）
- 13:59:42 [1812s] 脚本 求解/问题3/求解_问题3.py 第1次 rc=0
- 13:59:47 [1817s] 即时回传[脚本-执行_问题3_修1]: 6 文件 / 16KB（累计 251 文件）
[exec OK 4824ms] launched
- 14:00:08 [1838s] 波次启动 1 腿(第1次)@f0f434ce94fb@a26d150b: ['解读_问题3_轮2']
- 14:01:20 [1909s] 即时回传[波次-解读_问题3_轮2]: 4 文件 / 70KB（累计 255 文件）
- 14:01:23 [1913s] 问题3 解读轮2: FAIL
[exec OK 5428ms] launched
- 14:01:46 [1936s] 波次启动 1 腿(第1次)@f0f434ce94fb@a26d150b: ['修复_问题3_2']
- 14:08:13 [2323s] 即时回传[波次-修复_问题3_2]: 9 文件 / 826KB（累计 264 文件）
- 14:08:59 [2368s] 脚本 求解/问题3/求解_问题3.py 第1次 rc=0
- 14:09:04 [2374s] 即时回传[脚本-执行_问题3_修2]: 8 文件 / 778KB（累计 272 文件）
[exec OK 4515ms] launched
- 14:09:25 [2394s] 波次启动 1 腿(第1次)@f0f434ce94fb@a26d150b: ['红队_问题3']
- 14:12:22 [2572s] 即时回传[波次-红队_问题3]: 4 文件 / 23KB（累计 276 文件）
- 14:13:11 [2621s] 脚本 求解/问题3/复算.py 第1次 rc=0
- 14:13:15 [2624s] 即时回传[脚本-跑红队_问题3]: 3 文件 / 4KB（累计 279 文件）
[exec OK 4420ms] launched
- 14:13:36 [2646s] 波次启动 1 腿(第1次)@f0f434ce94fb@a26d150b: ['红队报告_问题3']
- 14:14:14 [2684s] 即时回传[波次-红队报告_问题3]: 4 文件 / 8KB（累计 283 文件）
- 14:14:23 [2693s] !! 问题3 红队不齐（0 处超容差）→ 派仲裁腿
[exec OK 5004ms] launched
- 14:14:46 [2716s] 波次启动 1 腿(第1次)@f0f434ce94fb@a26d150b: ['仲裁_问题3']
- 14:16:35 [2825s] 即时回传[波次-仲裁_问题3]: 6 文件 / 374KB（累计 289 文件）
- 14:16:51 [2841s] checkpoint[S2-仲裁问3]: 2 文件
- 14:16:51 [2841s] 仲裁裁定建模需返工（1 项）→ 重跑问3子链尾部
[exec OK 4692ms] launched
- 14:17:13 [2863s] 波次启动 1 腿(第1次)@f0f434ce94fb@a26d150b: ['仲裁返工_问题3']
- 14:30:12 [3642s] 即时回传[波次-仲裁返工_问题3]: 10 文件 / 1461KB（累计 299 文件）
- 14:31:28 [3718s] 脚本 求解/问题3/求解_问题3.py 第1次 rc=0
- 14:31:32 [3722s] 即时回传[脚本-执行_问题3_仲裁后]: 6 文件 / 25KB（累计 305 文件）
[exec OK 4107ms] launched
- 14:31:55 [3745s] 波次启动 1 腿(第1次)@f0f434ce94fb@a26d150b: ['解读_问题3_仲裁后']
- 14:33:09 [3819s] 即时回传[波次-解读_问题3_仲裁后]: 4 文件 / 29KB（累计 309 文件）
- 14:33:27 [3837s] checkpoint[S2-问3]: 4 文件
- 14:34:22 [3891s] checkpoint[S2-问3全量]: 26 文件
- 14:34:31 [3901s] 门[G2:问3] 第1次检查 FAIL（累计1）：['问3 解读未 PASS：FAIL']
- 14:34:31 [3901s] 门[G2:问3] 派返工
[exec OK 3320ms] launched
- 14:34:52 [3922s] 波次启动 1 腿(第1次)@f0f434ce94fb@a26d150b: ['G2返工_问3']
- 14:48:22 [4731s] 即时回传[波次-G2返工_问3]: 11 文件 / 1416KB（累计 320 文件）
- 14:49:46 [4815s] 脚本 求解/问题3/求解_问题3.py 第1次 rc=0
- 14:49:51 [4821s] 即时回传[脚本-执行_问题3_G2返工]: 6 文件 / 28KB（累计 326 文件）
[exec OK 5197ms] launched
- 14:50:18 [4847s] 波次启动 1 腿(第1次)@f0f434ce94fb@a26d150b: ['解读_问题3_G2返工']
- 14:53:00 [5009s] 即时回传[波次-解读_问题3_G2返工]: 5 文件 / 152KB（累计 331 文件）
- 14:53:22 [5031s] 门[G2:问3] 第2次检查 FAIL（累计2）：['问3 解读未 PASS：FAIL']
- 14:53:22 [5031s] 门[G2:问3] 派返工
[exec OK 5534ms] launched
- 14:53:51 [5061s] 波次启动 1 腿(第1次)@f0f434ce94fb@a26d150b: ['G2返工_问3']
- 14:59:46 [5416s] 脚本 求解/问题3/求解_问题3.py 第1次 rc=0
- 14:59:54 [5423s] 即时回传[脚本-执行_问题3_G2返工]: 9 文件 / 523KB（累计 340 文件）
[exec OK 3971ms] launched
- 15:00:17 [5447s] 波次启动 1 腿(第1次)@f0f434ce94fb@a26d150b: ['解读_问题3_G2返工']
- 15:01:45 [5535s] 门[G2:问3] 第3次检查 FAIL（累计3）：['问3 解读未 PASS：FAIL']
- 15:01:45 [5535s] !! 门[G2:问3] 连败2次 → 升格蜂群重做
- 15:01:45 [5535s] 升格蜂群[G2问3]：派 3 条变体腿
[exec OK 4575ms] launched
[exec OK 4750ms] launched
[exec OK 4658ms] launched
- 15:02:25 [5574s] 波次启动 3 腿(第1次)@f0f434ce94fb@a26d150b: ['升格_G2问3_1', '升格_G2问3_2', '升格_G2问3_3']
- 15:09:18 [5988s] !! 波次判死：蜂巢丢失（已等 413s，done=0/3）→ 重播种并重派本波 3 腿
- 15:10:25 [6054s] !! 探活连续 3 次无响应（网关抖动），不播种、继续推进
- 15:11:31 [6120s] !! 探活连续 3 次无响应（网关抖动），不播种、继续推进
[exec exit=None err={'message': 'fetch failed'} ?ms] 
[exec exit=None err={'message': 'fetch failed'} ?ms] 
[exec exit=None err={'message': 'fetch failed'} ?ms] 
- 15:13:59 [6268s] !! 原子派发校验失败（第1次）：任务落地 0/3，派发@? → 回读@?——重播种后重派
- 15:14:53 [6323s] !! 探活连续 3 次无响应（网关抖动），不播种、继续推进
- 15:15:22 [6352s] !! 探活连续 3 次无响应（网关抖动），不播种、继续推进
[exec exit=None err={'message': 'RETRY: skill write 403 <!DOCTYPE html>\n<!--[if lt IE 7]> <html cla ?ms] 
[exec exit=None err={'message': 'RETRY: skill write 403 <!DOCTYPE html>\n<!--[if lt IE 7]> <html cla ?ms] 
[exec OK 6381ms] launched
- 15:17:44 [6494s] !! 原子派发校验失败（第2次）：任务落地 0/3，派发@? → 回读@?——重播种后重派
- 15:17:56 [6505s] !! 探活连续 3 次无响应（网关抖动），不播种、继续推进
- 15:18:03 [6513s] !! 探活连续 3 次无响应（网关抖动），不播种、继续推进
[exec exit=None err={'message': 'RETRY: daemon not up'} ?ms] 
[exec exit=None err={'message': 'RETRY: daemon not up'} ?ms] 
[exec exit=None err={'message': 'RETRY: skill write 403 <!DOCTYPE html>\n<!--[if lt IE 7]> <html cla ?ms] 
- 15:19:06 [6576s] !! 原子派发校验失败（第3次）：任务落地 3/3，派发@? → 回读@f0f434ce94fb@a26d150b——重播种后重派
- 15:19:55 [6624s] 波次启动 3 腿(第1次)@?: ['升格_G2问3_1', '升格_G2问3_2', '升格_G2问3_3']
- 15:20:31 [6661s] !! 波次判死：实例指纹漂移 ?→f0f434ce94fb@a26d150b（腿宿主已消失）（已等 36s，done=0/3）→ 重播种并重派本波 3 腿
[exec OK 4343ms] launched
[exec OK 4993ms] launched
[exec OK 6049ms] launched
- 15:21:27 [6717s] 波次启动 3 腿(第1次)@f0f434ce94fb@a26d150b: ['升格_G2问3_1', '升格_G2问3_2', '升格_G2问3_3']
- 15:28:08 [7117s] 即时回传[波次-升格_G2问3_1]: 31 文件 / 1957KB（累计 371 文件）
[exec OK 5410ms] launched
- 15:28:46 [7156s] 波次启动 1 腿(第1次)@f0f434ce94fb@a26d150b: ['升格裁决_G2问3']
- 15:36:51 [7640s] checkpoint[升格-G2问3]: 36 文件
- 15:37:34 [7684s] 脚本 求解/问题3/升格1/求解.py 第1次 rc=0
- 15:37:38 [7688s] 即时回传[脚本-跑升格_问3_1]: 17 文件 / 182KB（累计 388 文件）
- 15:43:07 [8016s] 脚本 求解/问题3/升格2/求解.py 第1次 rc=0
- 15:43:11 [8020s] 即时回传[脚本-跑升格_问3_2]: 6 文件 / 12KB（累计 394 文件）
- 15:44:50 [8119s] 脚本 求解/问题3/升格3/求解.py 第1次 rc=0
- 15:44:53 [8123s] 即时回传[脚本-跑升格_问3_3]: 7 文件 / 24KB（累计 401 文件）
- 15:44:59 [8129s] !!!! 门[G2:问3] 升格后仍不过 → 降级放行（高亮记录，不阻塞流水线）：['问3 解读未 PASS：FAIL']
- 15:44:59 [8129s] S2 问3 过门=False（降级放行） 解读=FAIL 红队=仲裁后修正
[exec OK 3724ms] launched
[exec OK 3582ms] launched
[exec OK 3727ms] launched
- 15:45:32 [8161s] 波次启动 3 腿(第1次)@f0f434ce94fb@a26d150b: ['绘图1', '绘图2', '绘图3']
- 15:52:23 [8572s] 即时回传[波次-绘图1]: 42 文件 / 683KB（累计 443 文件）
- 15:53:17 [8627s] 脚本 求解/成图1.sh 第1次 rc=0
- 15:53:21 [8631s] 即时回传[脚本-成图1]: 10 文件 / 1926KB（累计 453 文件）
- 15:54:04 [8674s] 脚本 求解/成图2.sh 第1次 rc=0
- 15:54:08 [8677s] 即时回传[脚本-成图2]: 8 文件 / 1178KB（累计 461 文件）
- 15:54:51 [8720s] 脚本 求解/成图3.sh 第1次 rc=0
- 15:54:57 [8727s] 即时回传[脚本-成图3]: 8 文件 / 1349KB（累计 469 文件）
- 15:55:04 [8734s] checkpoint[S3-图注素材]: 3 文件
- 15:57:12 [8862s] checkpoint[S3-全量含图]: 80 文件
- 15:57:16 [8866s] S3 图评轮1：现有成图 18 张
- 16:02:11 [9160s] S3 图评轮1: 均分6.17 低分(7.0以下)11张
- 16:02:18 [9168s] checkpoint[S3-图评轮1]: 3 文件
[exec OK 3511ms] launched
- 16:02:37 [9186s] 波次启动 1 腿(第1次)@f0f434ce94fb@a26d150b: ['图修1']
- 16:07:09 [9458s] 即时回传[波次-图修1]: 37 文件 / 610KB（累计 506 文件）
- 16:07:52 [9502s] 脚本 求解/成图修1.sh 第1次 rc=0
- 16:07:57 [9506s] 即时回传[脚本-成图修1]: 14 文件 / 2643KB（累计 520 文件）
- 16:10:01 [9631s] checkpoint[S3-图修1]: 80 文件
- 16:10:05 [9634s] S3 图评轮2：现有成图 18 张
- 16:13:32 [9842s] S3 图评轮2: 均分6.83 低分(7.0以下)6张
- 16:13:41 [9851s] checkpoint[S3-图评轮2]: 3 文件
[exec OK 3901ms] launched
- 16:14:08 [9877s] 波次启动 1 腿(第1次)@f0f434ce94fb@a26d150b: ['图修2']
- 16:17:16 [10066s] !! 波次判死：蜂巢丢失（已等 188s，done=0/1）→ 重播种并重派本波 1 腿
[exec OK 3590ms] launched
- 16:18:04 [10113s] 波次启动 1 腿(第1次)@f0f434ce94fb@a26d150b: ['图修2']
- 16:19:50 [10219s] 即时回传[波次-图修2]: 29 文件 / 674KB（累计 549 文件）
- 16:20:34 [10263s] 脚本 求解/成图修2.sh 第1次 rc=0
- 16:20:40 [10270s] 即时回传[脚本-成图修2]: 12 文件 / 2075KB（累计 561 文件）
- 16:22:52 [10401s] checkpoint[S3-图修2]: 80 文件
- 16:22:58 [10408s] 门[G3] 第1次检查 FAIL（累计1）：['同型图 折线 超 3 张：11', '同型图 散点 超 3 张：9']
- 16:22:58 [10408s] 门[G3] 派返工
[exec OK 3362ms] launched
- 16:23:17 [10427s] 波次启动 1 腿(第1次)@f0f434ce94fb@a26d150b: ['G3返工']
- 16:26:08 [10598s] 即时回传[波次-G3返工]: 19 文件 / 157KB（累计 580 文件）
- 16:26:52 [10641s] 脚本 求解/成图补.sh 第1次 rc=0
- 16:26:58 [10648s] 即时回传[脚本-成图补]: 14 文件 / 2419KB（累计 594 文件）
- 16:29:04 [10774s] checkpoint[G3-返工]: 80 文件
- 16:29:12 [10781s] 门[G3] 第2次检查 PASS
[exec OK 3593ms] launched
- 16:29:31 [10801s] 波次启动 1 腿(第1次)@f0f434ce94fb@a26d150b: ['脊柱']
- 16:33:34 [11043s] 即时回传[波次-脊柱]: 5 文件 / 284KB（累计 599 文件）
- 16:33:43 [11053s] checkpoint[S4-脊柱]: 1 文件
- 16:33:54 [11064s] S4 主控 论文.tex 写入（11 章）
[exec OK 4952ms] launched
[exec OK 3456ms] launched
[exec OK 3936ms] launched
[exec OK 3433ms] launched
- 16:34:35 [11104s] 波次启动 4 腿(第1次)@f0f434ce94fb@a26d150b: ['写_1.问题脉络与同片双角证据.tex', '写_2.光谱数据证据与建模边界.tex', '写_3.符号与可检验物理假设.tex', '写_4.一次往返的色散Fresnel反演.tex']
- 16:39:10 [11380s] 即时回传[波次-写_1.问题脉络与同片双角证据.tex]: 22 文件 / 949KB（累计 621 文件）
[exec OK 3679ms] launched
[exec OK 3575ms] launched
[exec OK 3644ms] launched
[exec OK 3734ms] launched
- 16:40:01 [11431s] 波次启动 4 腿(第1次)@f0f434ce94fb@a26d150b: ['写_5.碳化硅双角双证周期求厚.tex', '写_6.多光束证据门与条件修正.tex', '写_7.统一验证与算法锦标赛.tex', '写_8.结论与可迁移边界.tex']
- 16:44:37 [11706s] 即时回传[波次-写_5.碳化硅双角双证周期求厚.tex]: 26 文件 / 1992KB（累计 647 文件）
[exec OK 3411ms] launched
[exec OK 3664ms] launched
- 16:45:14 [11743s] 波次启动 2 腿(第1次)@f0f434ce94fb@a26d150b: ['写_9.参考文献.tex', '写_10.附录.tex']
- 16:52:06 [12156s] 即时回传[波次-写_9.参考文献.tex]: 16 文件 / 1007KB（累计 663 文件）
- 16:52:31 [12181s] checkpoint[S4-撰稿]: 11 文件
[exec OK 3965ms] launched
[exec OK 3466ms] launched
[exec OK 3687ms] launched
- 16:53:10 [12220s] 波次启动 3 腿(第1次)@f0f434ce94fb@a26d150b: ['章评R1_1', '章评R1_2', '章评R1_3']
- 16:54:53 [12322s] !! 波次判死：蜂巢丢失（已等 102s，done=0/3）→ 重播种并重派本波 3 腿
[exec OK 3912ms] launched
[exec OK 3811ms] launched
[exec OK 3468ms] launched
- 16:55:52 [12382s] 波次启动 3 腿(第1次)@f0f434ce94fb@a26d150b: ['章评R1_1', '章评R1_2', '章评R1_3']
- 16:58:10 [12520s] 即时回传[波次-章评R1_1]: 15 文件 / 600KB（累计 678 文件）
- 16:58:32 [12542s] S4 章评轮1: 均分6.60 低分(7.0以下)4章
- 16:58:39 [12549s] checkpoint[S4-章评轮1]: 3 文件
[exec OK 3582ms] launched
[exec OK 3566ms] launched
[exec OK 3581ms] launched
[exec OK 3652ms] launched
- 16:59:30 [12600s] 波次启动 4 腿(第1次)@f0f434ce94fb@a26d150b: ['章重写1_1', '章重写1_2', '章重写1_3', '章重写1_4']
- 17:11:28 [13318s] 即时回传[波次-章重写1_1]: 54 文件 / 3372KB（累计 732 文件）
- 17:11:57 [13347s] checkpoint[S4-章重写1]: 10 文件
[exec OK 3387ms] launched
[exec OK 4102ms] launched
[exec OK 3605ms] launched
- 17:12:34 [13384s] 波次启动 3 腿(第1次)@f0f434ce94fb@a26d150b: ['章评R2_1', '章评R2_2', '章评R2_3']
- 17:16:35 [13624s] 即时回传[波次-章评R2_1]: 14 文件 / 518KB（累计 746 文件）
- 17:16:56 [13645s] S4 章评轮2: 均分6.50 低分(7.0以下)6章
- 17:17:03 [13653s] checkpoint[S4-章评轮2]: 3 文件
[exec OK 4173ms] launched
[exec OK 3389ms] launched
[exec OK 3396ms] launched
[exec OK 3505ms] launched
[exec OK 3545ms] launched
[exec OK 3412ms] launched
- 17:17:56 [13706s] 波次启动 6 腿(第1次)@f0f434ce94fb@a26d150b: ['章重写2_1', '章重写2_2', '章重写2_3', '章重写2_4', '章重写2_5', '章重写2_6']
- 17:25:52 [14181s] 即时回传[波次-章重写2_1]: 51 文件 / 4803KB（累计 797 文件）
- 17:26:27 [14216s] checkpoint[S4-章重写2]: 10 文件
[exec OK 3540ms] launched
[exec OK 3367ms] launched
[exec OK 3689ms] launched
[exec OK 3478ms] launched
[exec OK 4116ms] launched
- 17:27:14 [14264s] 波次启动 5 腿(第1次)@f0f434ce94fb@a26d150b: ['摘1', '摘2', '摘3', '摘4', '摘5']
- 17:30:05 [14435s] 即时回传[波次-摘1]: 26 文件 / 916KB（累计 823 文件）
[exec OK 3502ms] launched
- 17:30:37 [14467s] 波次启动 1 腿(第1次)@f0f434ce94fb@a26d150b: ['摘评']
- 17:33:31 [14641s] 即时回传[波次-摘评]: 11 文件 / 3940KB（累计 834 文件）
- 17:33:43 [14652s] checkpoint[S4-摘要]: 3 文件
- 17:33:59 [14669s] 编译#编0: E=0 O=0 P=32 摘要页=1
- 17:34:09 [14679s] 门[G4] 第1次检查 FAIL（累计1）：['溯源核验存疑 36 条（未解释 20 条）', "段首开场词重复 ≥3 次：['表\\\\ref{']"]
- 17:34:09 [14679s] 门[G4] 派返工
[exec OK 3445ms] launched
- 17:34:29 [14698s] 波次启动 1 腿(第1次)@f0f434ce94fb@a26d150b: ['G4返工']
- 17:40:43 [15073s] 即时回传[波次-G4返工]: 18 文件 / 4561KB（累计 852 文件）
- 17:41:04 [15094s] checkpoint[G4-返工]: 11 文件
- 17:41:23 [15113s] 编译#编0: E=0 O=0 P=33 摘要页=1
- 17:41:35 [15124s] 门[G4] 第2次检查 PASS
- 17:41:51 [15140s] 编译#审1前: E=0 O=0 P=33 摘要页=1
[exec OK 3726ms] launched
[exec OK 3564ms] launched
[exec OK 3545ms] launched
- 17:42:48 [15198s] 波次启动 3 腿(第1次)@f0f434ce94fb@a26d150b: ['审1A', '审1B', '硬伤1']
- 17:47:26 [15476s] 即时回传[波次-审1A]: 57 文件 / 5277KB（累计 909 文件）
- 17:48:29 [15539s] S5 轮1 面板均分=5.55（A=6.0 B=5.1）硬伤=7条 评委第一印象=6.4
- 17:48:40 [15550s] checkpoint[S5-轮1]: 6 文件
- 17:48:48 [15558s] S5 轮1 修订单 32 条 → 算0/图0/文32（先算后图后文）
- 17:48:53 [15563s] checkpoint[S5-修订单1]: 1 文件
[exec OK 3518ms] launched
- 17:49:11 [15580s] 波次启动 1 腿(第1次)@f0f434ce94fb@a26d150b: ['回炉文_轮1_1']
- 18:05:05 [16534s] !! 波次判死：done 数 921s 零进展（疑似腿派进空实例）（已等 954s，done=0/1）→ 重播种并重派本波 1 腿
[exec OK 3559ms] launched
- 18:05:32 [16562s] 波次启动 1 腿(第1次)@f0f434ce94fb@a26d150b: ['回炉文_轮1_1']
- 18:06:44 [16634s] 即时回传[波次-回炉文_轮1_1]: 39 文件 / 5807KB（累计 948 文件）
[exec OK 3815ms] launched
- 18:07:06 [16656s] 波次启动 1 腿(第1次)@f0f434ce94fb@a26d150b: ['回炉文_轮1_2']
- 18:18:18 [17328s] !! 即时回传[波次-回炉文_轮1_2] 增量包 9.1MB 超过 6MB，改走目录级 checkpoint 兜底
- 18:19:18 [17388s] checkpoint[超限兜底-波次-回炉文_轮1_2-交接]: 41 文件
- 18:21:18 [17507s] checkpoint[超限兜底-波次-回炉文_轮1_2-求解]: 80 文件
- 18:23:23 [17632s] checkpoint[超限兜底-波次-回炉文_轮1_2-论文]: 79 文件
- 18:24:12 [17682s] checkpoint[超限兜底-波次-回炉文_轮1_2-审稿]: 34 文件
- 18:26:11 [17800s] checkpoint[超限兜底-波次-回炉文_轮1_2-日志]: 80 文件
- 18:26:50 [17840s] 编译#修10: E=0 O=0 P=97 摘要页=1
- 18:27:08 [17858s] checkpoint[S5-轮1修订后]: 11 文件
- 18:27:47 [17896s] 编译#审2前: E=0 O=0 P=97 摘要页=1
[exec OK 3444ms] launched
[exec OK 3857ms] launched
[exec OK 3551ms] launched
- 18:28:53 [17963s] 波次启动 3 腿(第1次)@f0f434ce94fb@a26d150b: ['审2A', '审2B', '硬伤2']
- 18:33:26 [18235s] !! 即时回传[波次-审2A] 增量包 6.9MB 超过 6MB，改走目录级 checkpoint 兜底
- 18:34:32 [18302s] checkpoint[超限兜底-波次-审2A-交接]: 41 文件
- 18:36:43 [18433s] checkpoint[超限兜底-波次-审2A-求解]: 80 文件
- 18:38:53 [18563s] checkpoint[超限兜底-波次-审2A-论文]: 79 文件
- 18:39:51 [18620s] checkpoint[超限兜底-波次-审2A-审稿]: 38 文件
- 18:41:55 [18745s] checkpoint[超限兜底-波次-审2A-日志]: 80 文件
- 18:43:00 [18809s] S5 轮2 面板均分=6.10（A=6.9 B=5.3）硬伤=7条 评委第一印象=7.8
- 18:43:11 [18820s] checkpoint[S5-轮2]: 6 文件
- 18:43:19 [18828s] S5 轮2 修订单 32 条 → 算0/图0/文32（先算后图后文）
- 18:43:23 [18833s] checkpoint[S5-修订单2]: 1 文件
[exec OK 3599ms] launched
- 18:43:41 [18851s] 波次启动 1 腿(第1次)@f0f434ce94fb@a26d150b: ['回炉文_轮2_1']
- 18:50:28 [19258s] !! 即时回传[波次-回炉文_轮2_1] 增量包 6.5MB 超过 6MB，改走目录级 checkpoint 兜底
- 18:51:30 [19320s] checkpoint[超限兜底-波次-回炉文_轮2_1-交接]: 41 文件
- 18:53:35 [19444s] checkpoint[超限兜底-波次-回炉文_轮2_1-求解]: 80 文件
- 18:55:46 [19576s] checkpoint[超限兜底-波次-回炉文_轮2_1-论文]: 79 文件
- 18:56:45 [19634s] checkpoint[超限兜底-波次-回炉文_轮2_1-审稿]: 39 文件
- 18:58:46 [19756s] checkpoint[超限兜底-波次-回炉文_轮2_1-日志]: 80 文件
[exec OK 3547ms] launched
- 18:59:08 [19777s] 波次启动 1 腿(第1次)@f0f434ce94fb@a26d150b: ['回炉文_轮2_2']
- 19:07:07 [20256s] 即时回传[波次-回炉文_轮2_2]: 23 文件 / 5517KB（累计 971 文件）
- 19:07:47 [20297s] 编译#修20: E=0 O=0 P=97 摘要页=1
- 19:08:07 [20317s] checkpoint[S5-轮2修订后]: 11 文件
- 19:08:43 [20353s] 编译#审3前: E=0 O=0 P=97 摘要页=1
[exec OK 3221ms] launched
[exec OK 3342ms] launched
[exec OK 3519ms] launched
- 19:09:40 [20410s] 波次启动 3 腿(第1次)@f0f434ce94fb@a26d150b: ['审3A', '审3B', '硬伤3']
- 19:14:10 [20680s] !! 即时回传[波次-审3A] 增量包 7.3MB 超过 6MB，改走目录级 checkpoint 兜底
- 19:15:12 [20742s] checkpoint[超限兜底-波次-审3A-交接]: 41 文件
- 19:17:32 [20881s] checkpoint[超限兜底-波次-审3A-求解]: 80 文件
- 19:19:35 [21005s] checkpoint[超限兜底-波次-审3A-论文]: 79 文件
- 19:20:39 [21068s] checkpoint[超限兜底-波次-审3A-审稿]: 43 文件
- 19:22:48 [21198s] checkpoint[超限兜底-波次-审3A-日志]: 80 文件
- 19:23:52 [21261s] S5 轮3 面板均分=6.25（A=6.7 B=5.8）硬伤=3条 评委第一印象=7.4
- 19:24:03 [21272s] checkpoint[S5-轮3]: 6 文件
- 19:24:11 [21280s] S5 轮3 修订单 21 条 → 算0/图0/文21（先算后图后文）
- 19:24:15 [21285s] checkpoint[S5-修订单3]: 1 文件
[exec OK 3634ms] launched
- 19:24:33 [21303s] 波次启动 1 腿(第1次)@f0f434ce94fb@a26d150b: ['回炉文_轮3_1']
[exec OK 3274ms] launched
- 19:35:03 [21932s] 波次启动 1 腿(第1次)@f0f434ce94fb@a26d150b: ['回炉文_轮3_2']
- 19:50:47 [22877s] !! 即时回传[波次-回炉文_轮3_2] 增量包 12.6MB 超过 6MB，改走目录级 checkpoint 兜底
- 19:51:49 [22939s] checkpoint[超限兜底-波次-回炉文_轮3_2-交接]: 41 文件
- 19:53:58 [23067s] checkpoint[超限兜底-波次-回炉文_轮3_2-求解]: 80 文件
- 19:56:12 [23202s] checkpoint[超限兜底-波次-回炉文_轮3_2-论文]: 79 文件
- 19:57:18 [23268s] checkpoint[超限兜底-波次-回炉文_轮3_2-审稿]: 44 文件
- 19:59:27 [23396s] checkpoint[超限兜底-波次-回炉文_轮3_2-日志]: 80 文件
- 20:00:13 [23442s] 编译#修30: E=0 O=0 P=98 摘要页=1
- 20:00:33 [23462s] checkpoint[S5-轮3修订后]: 11 文件
- 20:01:11 [23500s] 编译#审4前: E=0 O=0 P=98 摘要页=1
[exec OK 3672ms] launched
[exec OK 4689ms] launched
[exec OK 3540ms] launched
- 20:02:09 [23558s] 波次启动 3 腿(第1次)@f0f434ce94fb@a26d150b: ['审4A', '审4B', '硬伤4']
- 20:07:14 [23863s] !! 即时回传[波次-审4A] 增量包 7.4MB 超过 6MB，改走目录级 checkpoint 兜底
- 20:08:17 [23926s] checkpoint[超限兜底-波次-审4A-交接]: 41 文件
- 20:10:24 [24053s] checkpoint[超限兜底-波次-审4A-求解]: 80 文件
- 20:12:37 [24187s] checkpoint[超限兜底-波次-审4A-论文]: 79 文件
- 20:13:51 [24261s] checkpoint[超限兜底-波次-审4A-审稿]: 48 文件
- 20:16:05 [24395s] checkpoint[超限兜底-波次-审4A-日志]: 80 文件
- 20:17:09 [24459s] S5 轮4 面板均分=5.70（A=5.9 B=5.5）硬伤=4条 评委第一印象=8.1
- 20:17:20 [24470s] checkpoint[S5-轮4]: 6 文件
- 20:17:20 [24470s] S5 轮数上限：均分5.70 硬伤4条 → 退出（剩余问题记入运行日志）
- 20:17:57 [24507s] 编译#美1: E=0 O=0 P=98 摘要页=1
- 20:21:36 [24725s] S5b 美化轮1: 页问题100条 美观分均值4.6
- 20:21:58 [24747s] checkpoint[S5b-美化1]: 13 文件
- 20:21:58 [24747s] !! 预算护栏触发：腿数=223/220 用时=6.9/14h，节点[G5] 不再开工，转收尾
- 20:21:58 [24747s] !! 预算护栏收尾：节点[G5] 前预算耗尽（腿223 用时6.9h）
- 20:21:58 [24747s] 应急出版：尝试编译当前稿件并收割全部现有材料
- 20:22:48 [24797s] 应急编译完成（PDF 存在=True）
- 20:31:28 [25317s] 应急出版：收割 341 文件 → 真题测试/成品
驾驶结束

===== 续跑起点（答案门+语言判据，问1及下游重跑） 2026-08-31 09:12:29 =====
- 09:12:29 [25317s] ===== 续跑（--resume）：运行ID=20260827-145546 已完成节点=11 腿数=223 =====
- 09:16:35 [25563s] !! 实例 localhost@ee56b708 缺蜂巢 → 第1次播种（；累计实例池 ['localhost@ee56b708']）
- 09:16:42 [25569s] !! 探活连续 3 次无响应（网关抖动），不播种、继续推进
- 09:16:42 [25569s] 节点[S0:播种] 已完成，跳过（续跑）
- 09:16:42 [25569s] 节点[S0:读题体检] 已完成，跳过（续跑）
- 09:17:17 [25605s] S0 完成：问题数=3
- 09:17:17 [25605s] 节点[S0:预测与矩阵] 已完成，跳过（续跑）
- 09:17:17 [25605s] 节点[G0] 已完成，跳过（续跑）
- 09:17:17 [25605s] 节点[S1:侦察] 已完成，跳过（续跑）
- 09:17:33 [25621s] S1 路线侦察：{1: ['群折射率—条纹级次回归', '解析信号相位展宽', '一阶复反射谱变投影反演'], 2: ['局部相位斜率稳定图', '截断Fresnel全谱直接拟合', '自相关零交叉周期估计'], 3: ['嵌套光学模型证据比', '整数谐波簇稀疏剖分', '矩阵束旋转阶数辨识']}
- 09:17:33 [25621s] S1 锦标赛参赛问：[1, 2, 3]
- 09:17:33 [25621s] 节点[S1:原型] 已完成，跳过（续跑）
- 09:17:33 [25621s] 节点[S1:裁决] 已完成，跳过（续跑）
- 09:17:33 [25621s] 节点[S1:定稿] 已完成，跳过（续跑）
- 09:17:50 [25638s] 节点[G1] 已完成，跳过（续跑）
- 09:18:11 [25658s] S2 依赖DAG：{1: [], 2: [], 3: [2]} → 拓扑分层 [[1, 2], [3]]
- 09:18:11 [25658s] S2 第1层：问[2] 已完成跳过（续跑）
- 09:18:11 [25658s] S2 第1层启动：问[1] 
- 09:19:06 [25714s] !! 实例 localhost@864114eb 缺蜂巢 → 第1次播种（；累计实例池 ['localhost@864114eb', 'localhost@ee56b708']）
- 09:19:13 [25720s] !! 探活连续 3 次无响应（网关抖动），不播种、继续推进
[exec exit=None err={'message': 'RETRY: daemon not up'} ?ms] 
- 09:19:15 [25723s] !! 原子派发校验失败（第1次）：任务落地 0/1，派发@? → 回读@?——重播种后重派

===== 续跑（分批播种修复后） 2026-08-31 09:32:20 =====
- 09:32:20 [25658s] ===== 续跑（--resume）：运行ID=20260827-145546 已完成节点=11 腿数=223 =====
- 09:37:17 [25954s] !! 播种第 9/56 批 3 次均未落地（44 文件）
- 09:37:33 [25970s] !! 播种中途实例漂移 localhost@4099e662 → localhost@7412ac32（第 10/56 批），先前批次可能已失效，交由 ensure_hive 复播
- 09:38:59 [26056s] !! 播种第 11/56 批 3 次均未落地（37 文件）
- 09:48:17 [26614s] !! 播种有 2/56 批未落地（交由 ensure_hive 复播）
- 09:48:20 [26617s] !! 实例 localhost@4099e662 缺蜂巢 → 第1次播种（播种于 localhost；累计实例池 ['localhost@4099e662']）
- 09:52:30 [26868s] !! 播种第 7/56 批 3 次均未落地（34 文件）
- 09:53:52 [26949s] !! 播种中途实例漂移 localhost@7412ac32 → localhost@ff488035（第 8/56 批），先前批次可能已失效，交由 ensure_hive 复播
- 09:56:11 [27088s] !! 播种第 11/56 批 3 次均未落地（37 文件）
- 09:58:14 [27211s] !! 播种中途实例漂移 localhost@ff488035 → localhost@85169166（第 15/56 批），先前批次可能已失效，交由 ensure_hive 复播
- 10:04:55 [27612s] !! 播种中途实例漂移 localhost@85169166 → localhost@8fa371c9（第 45/56 批），先前批次可能已失效，交由 ensure_hive 复播
- 10:07:39 [27776s] !! 播种有 2/56 批未落地（交由 ensure_hive 复播）
- 10:07:42 [27779s] !! 实例 localhost@7412ac32 缺蜂巢 → 第2次播种（播种于 localhost；累计实例池 ['localhost@4099e662', 'localhost@7412ac32']）
- 10:13:33 [28130s] !! 播种第 11/56 批 3 次均未落地（37 文件）
- 10:22:44 [28681s] !! 播种有 1/56 批未落地（交由 ensure_hive 复播）
- 10:22:47 [28684s] !! 实例 localhost@8fa371c9 缺蜂巢 → 第3次播种（播种于 localhost；累计实例池 ['localhost@4099e662', 'localhost@7412ac32', 'localhost@8fa371c9']）
- 10:22:56 [28693s] 节点[S0:播种] 已完成，跳过（续跑）
- 10:22:56 [28693s] 节点[S0:读题体检] 已完成，跳过（续跑）
- 10:23:08 [28705s] S0 完成：问题数=3
- 10:23:08 [28705s] 节点[S0:预测与矩阵] 已完成，跳过（续跑）
- 10:23:08 [28705s] 节点[G0] 已完成，跳过（续跑）
- 10:23:08 [28705s] 节点[S1:侦察] 已完成，跳过（续跑）
- 10:23:13 [28710s] S1 路线侦察：{1: ['群折射率—条纹级次回归', '解析信号相位展宽', '一阶复反射谱变投影反演'], 2: ['局部相位斜率稳定图', '截断Fresnel全谱直接拟合', '自相关零交叉周期估计'], 3: ['嵌套光学模型证据比', '整数谐波簇稀疏剖分', '矩阵束旋转阶数辨识']}
- 10:23:13 [28710s] S1 锦标赛参赛问：[1, 2, 3]
- 10:23:13 [28710s] 节点[S1:原型] 已完成，跳过（续跑）
- 10:23:13 [28710s] 节点[S1:裁决] 已完成，跳过（续跑）
- 10:23:13 [28710s] 节点[S1:定稿] 已完成，跳过（续跑）
- 10:23:17 [28714s] 节点[G1] 已完成，跳过（续跑）
- 10:23:22 [28720s] S2 依赖DAG：{1: [], 2: [], 3: [2]} → 拓扑分层 [[1, 2], [3]]
- 10:23:22 [28720s] S2 第1层：问[2] 已完成跳过（续跑）
- 10:23:22 [28720s] S2 第1层启动：问[1] 
[exec OK 3596ms] launched
- 10:23:46 [28743s] 波次启动 1 腿(第1次)@localhost@8fa371c9: ['建模_问题1']
- 10:27:45 [28982s] 即时回传[波次-建模_问题1]: 13 文件 / 468KB（累计 13 文件）
- 10:33:15 [29312s] 脚本 求解/问题1/求解_问题1.py 第1次 rc=0
- 10:33:19 [29316s] 即时回传[脚本-执行_问题1]: 7 文件 / 683KB（累计 20 文件）
[exec OK 3583ms] launched
- 10:33:37 [29334s] 波次启动 1 腿(第1次)@localhost@8fa371c9: ['解读_问题1_轮1']
- 10:35:56 [29473s] 即时回传[波次-解读_问题1_轮1]: 6 文件 / 492KB（累计 26 文件）
- 10:36:00 [29477s] 问题1 解读轮1: PASS
[exec OK 3695ms] launched
- 10:36:19 [29496s] 波次启动 1 腿(第1次)@localhost@8fa371c9: ['红队_问题1']
- 10:39:11 [29668s] 即时回传[波次-红队_问题1]: 4 文件 / 26KB（累计 30 文件）
- 10:39:54 [29711s] 脚本 求解/问题1/复算.py 第1次 rc=0
- 10:39:57 [29714s] 即时回传[脚本-跑红队_问题1]: 3 文件 / 7KB（累计 33 文件）
[exec OK 3603ms] launched
- 10:40:16 [29733s] 波次启动 1 腿(第1次)@localhost@8fa371c9: ['红队报告_问题1']
- 10:40:52 [29769s] 即时回传[波次-红队报告_问题1]: 4 文件 / 8KB（累计 37 文件）
- 10:40:59 [29776s] !! 问题1 红队不齐（8 处超容差）→ 派仲裁腿
[exec OK 3938ms] launched
- 10:41:19 [29796s] 波次启动 1 腿(第1次)@localhost@8fa371c9: ['仲裁_问题1']
- 10:43:04 [29901s] 即时回传[波次-仲裁_问题1]: 7 文件 / 177KB（累计 44 文件）
- 10:43:17 [29914s] checkpoint[S2-仲裁问1]: 2 文件
- 10:43:28 [29925s] checkpoint[S2-问1]: 6 文件
- 10:44:25 [29982s] checkpoint[S2-问1全量]: 33 文件
- 10:44:33 [29990s] 门[G2:问1] 第1次检查 PASS
- 10:44:33 [29990s] S2 问1 过门=True 解读=PASS 红队=口径差异成立
- 10:44:33 [29990s] S2 第2层：问[3] 已完成跳过（续跑）
[exec OK 3842ms] launched
[exec OK 3482ms] launched
[exec OK 3790ms] launched
- 10:45:05 [30022s] 波次启动 3 腿(第1次)@localhost@8fa371c9: ['绘图1', '绘图2', '绘图3']
- 10:49:05 [30262s] 即时回传[波次-绘图1]: 36 文件 / 633KB（累计 80 文件）
- 10:49:57 [30314s] 脚本 求解/成图1.sh 第1次 rc=0
- 10:50:02 [30319s] 即时回传[脚本-成图1]: 8 文件 / 1705KB（累计 88 文件）
- 10:50:45 [30362s] 脚本 求解/成图2.sh 第1次 rc=0
- 10:50:49 [30366s] 即时回传[脚本-成图2]: 8 文件 / 1213KB（累计 96 文件）
- 10:51:33 [30410s] 脚本 求解/成图3.sh 第1次 rc=0
- 10:51:37 [30415s] 即时回传[脚本-成图3]: 8 文件 / 1441KB（累计 104 文件）
- 10:51:44 [30421s] checkpoint[S3-图注素材]: 3 文件
- 10:53:51 [30549s] checkpoint[S3-全量含图]: 80 文件
- 10:53:55 [30552s] S3 图评轮1：现有成图 23 张
- 11:13:56 [31754s] 图评R1_4 解析失败([Errno 2] No such file or directory: '真题测试/蜂巢镜像/审稿/图评R1_4.json')，尝试1
- 11:14:13 [31770s] 图评R1_4 解析失败([Errno 2] No such file or directory: '真题测试/蜂巢镜像/审稿/图评R1_4.json')，尝试2
- 11:14:13 [31770s] S3 图评轮1: 均分6.17 低分(7.0以下)11张
- 11:14:37 [31794s] checkpoint[S3-图评轮1]: 0 文件
- 11:21:14 [32191s] !! 播种第 12/60 批 3 次均未落地（38 文件）
- 11:31:34 [32811s] !! 播种有 1/60 批未落地（交由 ensure_hive 复播）
- 11:31:37 [32814s] !! 实例 localhost@ae559e04 缺蜂巢 → 第1次播种（播种于 localhost；累计实例池 ['localhost@4099e662', 'localhost@7412ac32', 'localhost@8fa371c9', 'localhost@ae559e04']）
[exec OK 3794ms] launched
- 11:31:55 [32833s] 波次启动 1 腿(第1次)@localhost@ae559e04: ['图修1']
- 11:38:09 [33207s] 即时回传[波次-图修1]: 17 文件 / 684KB（累计 121 文件）
- 11:38:53 [33250s] 脚本 求解/成图修1.sh 第1次 rc=0
- 11:38:58 [33255s] 即时回传[脚本-成图修1]: 11 文件 / 2207KB（累计 132 文件）
- 11:41:16 [33393s] checkpoint[S3-图修1]: 80 文件
- 11:41:19 [33396s] S3 图评轮2：现有成图 25 张
- 11:45:58 [33675s] S3 图评轮2: 均分6.60 低分(7.0以下)10张
- 11:46:06 [33683s] checkpoint[S3-图评轮2]: 4 文件
[exec OK 3590ms] launched
- 11:46:25 [33702s] 波次启动 1 腿(第1次)@localhost@ae559e04: ['图修2']
- 11:52:09 [34046s] 即时回传[波次-图修2]: 42 文件 / 773KB（累计 174 文件）
- 11:52:54 [34091s] 脚本 求解/成图修2.sh 第1次 rc=0
- 11:52:59 [34096s] 即时回传[脚本-成图修2]: 13 文件 / 1322KB（累计 187 文件）
- 11:55:06 [34223s] checkpoint[S3-图修2]: 80 文件
- 11:55:13 [34230s] 门[G3] 第1次检查 FAIL（累计1）：['同型图 折线 超 3 张：6', '同型图 散点 超 3 张：5']
- 11:55:13 [34230s] 门[G3] 派返工
[exec OK 3642ms] launched
- 11:55:32 [34249s] 波次启动 1 腿(第1次)@localhost@ae559e04: ['G3返工']
- 11:57:46 [34383s] !! 波次判死：蜂巢丢失（已等 133s，done=0/1）→ 重播种并重派本波 1 腿
[exec OK 3349ms] launched
- 11:58:14 [34411s] 波次启动 1 腿(第1次)@localhost@ae559e04: ['G3返工']
- 12:00:36 [34553s] 即时回传[波次-G3返工]: 118 文件 / 4607KB（累计 305 文件）
- 12:01:21 [34598s] 脚本 求解/成图补.sh 第1次 rc=0
- 12:01:26 [34603s] 即时回传[脚本-成图补]: 14 文件 / 930KB（累计 319 文件）
- 12:03:33 [34731s] checkpoint[G3-返工]: 80 文件
- 12:03:40 [34737s] 门[G3] 第2次检查 PASS
[exec OK 3629ms] launched
- 12:04:00 [34757s] 波次启动 1 腿(第1次)@localhost@ae559e04: ['脊柱']
- 12:09:42 [35099s] 即时回传[波次-脊柱]: 32 文件 / 792KB（累计 351 文件）
- 12:09:50 [35107s] checkpoint[S4-脊柱]: 1 文件
- 12:09:57 [35114s] S4 主控 论文.tex 写入（11 章）
[exec OK 3429ms] launched
[exec OK 3291ms] launched
[exec OK 3745ms] launched
[exec OK 3347ms] launched
- 12:10:38 [35155s] 波次启动 4 腿(第1次)@localhost@ae559e04: ['写_1.问题脉络与同片双角证据.tex', '写_2.光谱数据证据与建模边界.tex', '写_3.符号与可检验物理假设.tex', '写_4.一次往返的色散Fresnel反演.tex']
- 12:17:26 [35563s] 即时回传[波次-写_1.问题脉络与同片双角证据.tex]: 28 文件 / 3342KB（累计 379 文件）
[exec OK 3794ms] launched
[exec OK 3918ms] launched
[exec OK 3604ms] launched
[exec OK 3454ms] launched
- 12:18:18 [35615s] 波次启动 4 腿(第1次)@localhost@ae559e04: ['写_5.碳化硅双角双证周期求厚.tex', '写_6.多光束证据门与条件修正.tex', '写_7.统一验证与算法锦标赛.tex', '写_8.结论与可迁移边界.tex']
- 12:24:34 [35991s] 即时回传[波次-写_5.碳化硅双角双证周期求厚.tex]: 25 文件 / 5359KB（累计 404 文件）
[exec OK 3794ms] launched
[exec OK 3325ms] launched
- 12:25:12 [36029s] 波次启动 2 腿(第1次)@localhost@ae559e04: ['写_9.参考文献.tex', '写_10.附录.tex']
- 12:31:59 [36436s] !! 即时回传[波次-写_9.参考文献.tex] 增量包 6.7MB 超过 6MB，改走目录级 checkpoint 兜底
- 12:33:04 [36501s] checkpoint[超限兜底-波次-写_9.参考文献.tex-交接]: 43 文件
- 12:35:09 [36626s] checkpoint[超限兜底-波次-写_9.参考文献.tex-求解]: 80 文件
- 12:37:21 [36758s] checkpoint[超限兜底-波次-写_9.参考文献.tex-论文]: 80 文件
- 12:38:54 [36851s] checkpoint[超限兜底-波次-写_9.参考文献.tex-审稿]: 63 文件
- 12:41:02 [36979s] checkpoint[超限兜底-波次-写_9.参考文献.tex-日志]: 80 文件
- 12:41:28 [37005s] checkpoint[S4-撰稿]: 12 文件
[exec OK 3312ms] launched
[exec OK 4020ms] launched
[exec OK 3593ms] launched
- 12:42:04 [37041s] 波次启动 3 腿(第1次)@localhost@ae559e04: ['章评R1_1', '章评R1_2', '章评R1_3']
- 12:46:37 [37314s] 即时回传[波次-章评R1_1]: 14 文件 / 378KB（累计 418 文件）
- 12:46:58 [37335s] S4 章评轮1: 均分6.50 低分(7.0以下)4章
- 12:47:05 [37342s] checkpoint[S4-章评轮1]: 3 文件
[exec OK 3413ms] launched
[exec OK 3106ms] launched
[exec OK 3472ms] launched
[exec OK 3437ms] launched
- 12:47:42 [37380s] 波次启动 4 腿(第1次)@localhost@ae559e04: ['章重写1_1', '章重写1_2', '章重写1_3', '章重写1_4']
- 12:58:23 [38020s] !! 即时回传[波次-章重写1_1] 增量包 11.7MB 超过 6MB，改走目录级 checkpoint 兜底
- 12:59:27 [38084s] checkpoint[超限兜底-波次-章重写1_1-交接]: 44 文件
- 13:01:34 [38211s] checkpoint[超限兜底-波次-章重写1_1-求解]: 80 文件
- 13:03:33 [38331s] checkpoint[超限兜底-波次-章重写1_1-论文]: 80 文件
- 13:05:03 [38420s] checkpoint[超限兜底-波次-章重写1_1-审稿]: 63 文件
- 13:07:08 [38545s] checkpoint[超限兜底-波次-章重写1_1-日志]: 80 文件
- 13:07:38 [38575s] checkpoint[S4-章重写1]: 11 文件
[exec OK 3453ms] launched
[exec OK 3286ms] launched
[exec OK 3343ms] launched
- 13:08:12 [38609s] 波次启动 3 腿(第1次)@localhost@ae559e04: ['章评R2_1', '章评R2_2', '章评R2_3']
- 13:12:43 [38880s] 即时回传[波次-章评R2_1]: 18 文件 / 671KB（累计 436 文件）
- 13:13:04 [38902s] S4 章评轮2: 均分6.40 低分(7.0以下)5章
- 13:13:12 [38909s] checkpoint[S4-章评轮2]: 3 文件
[exec OK 3310ms] launched
[exec OK 3373ms] launched
[exec OK 3460ms] launched
[exec OK 4463ms] launched
[exec OK 3830ms] launched
- 13:13:58 [38955s] 波次启动 5 腿(第1次)@localhost@ae559e04: ['章重写2_1', '章重写2_2', '章重写2_3', '章重写2_4', '章重写2_5']
- 13:21:50 [39427s] !! 即时回传[波次-章重写2_1] 增量包 11.7MB 超过 6MB，改走目录级 checkpoint 兜底
- 13:22:59 [39497s] checkpoint[超限兜底-波次-章重写2_1-交接]: 45 文件
- 13:25:01 [39618s] checkpoint[超限兜底-波次-章重写2_1-求解]: 80 文件
- 13:27:07 [39744s] checkpoint[超限兜底-波次-章重写2_1-论文]: 80 文件
- 13:28:37 [39834s] checkpoint[超限兜底-波次-章重写2_1-审稿]: 63 文件
- 13:30:44 [39961s] checkpoint[超限兜底-波次-章重写2_1-日志]: 80 文件
- 13:31:17 [39994s] checkpoint[S4-章重写2]: 11 文件
[exec OK 3731ms] launched
[exec OK 3525ms] launched
[exec OK 3243ms] launched
[exec OK 3493ms] launched
[exec OK 3444ms] launched
- 13:32:02 [40039s] 波次启动 5 腿(第1次)@localhost@ae559e04: ['摘1', '摘2', '摘3', '摘4', '摘5']
- 13:34:21 [40178s] 即时回传[波次-摘1]: 27 文件 / 765KB（累计 463 文件）
[exec OK 3324ms] launched
- 13:34:53 [40210s] 波次启动 1 腿(第1次)@localhost@ae559e04: ['摘评']
- 13:37:45 [40382s] 即时回传[波次-摘评]: 16 文件 / 4113KB（累计 479 文件）
- 13:37:55 [40392s] checkpoint[S4-摘要]: 3 文件
- 13:38:17 [40414s] 编译#编0: E=0 O=0 P=32 摘要页=1
- 13:38:27 [40424s] 门[G4] 第1次检查 FAIL（累计1）：['溯源核验存疑 10 条（未解释 10 条）', "段首开场词重复 ≥3 次：['第一版方案曾', '{\\\\ziha']"]
- 13:38:27 [40424s] 门[G4] 派返工
[exec OK 3720ms] launched
- 13:38:46 [40443s] 波次启动 1 腿(第1次)@localhost@ae559e04: ['G4返工']
- 13:43:23 [40720s] 即时回传[波次-G4返工]: 23 文件 / 4376KB（累计 502 文件）
- 13:43:46 [40744s] checkpoint[G4-返工]: 11 文件
- 13:44:09 [40766s] 编译#编0: E=0 O=0 P=32 摘要页=1
- 13:44:19 [40776s] 门[G4] 第2次检查 PASS
- 13:44:40 [40797s] 编译#审1前: E=0 O=0 P=32 摘要页=1
[exec OK 3247ms] launched
[exec OK 3768ms] launched
[exec OK 3529ms] launched
- 13:45:34 [40851s] 波次启动 3 腿(第1次)@localhost@ae559e04: ['审1A', '审1B', '硬伤1']
- 13:50:08 [41125s] 即时回传[波次-审1A]: 56 文件 / 5738KB（累计 558 文件）
- 13:51:12 [41189s] S5 轮1 面板均分=6.15（A=6.4 B=5.9）硬伤=5条 评委第一印象=7.7
- 13:51:23 [41200s] checkpoint[S5-轮1]: 6 文件
- 13:51:32 [41209s] S5 轮1 修订单 30 条 → 算0/图0/文30（先算后图后文）
- 13:51:36 [41213s] checkpoint[S5-修订单1]: 1 文件
[exec OK 3475ms] launched
- 13:51:55 [41232s] 波次启动 1 腿(第1次)@localhost@ae559e04: ['回炉文_轮1_1']
- 14:03:09 [41907s] !! 即时回传[波次-回炉文_轮1_1] 增量包 6.9MB 超过 6MB，改走目录级 checkpoint 兜底
- 14:04:22 [41979s] checkpoint[超限兜底-波次-回炉文_轮1_1-交接]: 45 文件
- 14:06:28 [42105s] checkpoint[超限兜底-波次-回炉文_轮1_1-求解]: 79 文件
- 14:08:39 [42236s] checkpoint[超限兜底-波次-回炉文_轮1_1-论文]: 80 文件
- 14:10:11 [42328s] checkpoint[超限兜底-波次-回炉文_轮1_1-审稿]: 63 文件
- 14:12:25 [42462s] checkpoint[超限兜底-波次-回炉文_轮1_1-日志]: 80 文件
[exec OK 3646ms] launched
- 14:12:47 [42484s] 波次启动 1 腿(第1次)@localhost@ae559e04: ['回炉文_轮1_2']
- 14:20:09 [42926s] 即时回传[波次-回炉文_轮1_2]: 21 文件 / 4928KB（累计 579 文件）
- 14:20:43 [42961s] 编译#修10: E=0 O=0 P=81 摘要页=1
- 14:21:03 [42980s] checkpoint[S5-轮1修订后]: 11 文件
- 14:21:36 [43013s] 编译#审2前: E=0 O=0 P=81 摘要页=1
[exec OK 3511ms] launched
[exec OK 3504ms] launched
[exec OK 3777ms] launched
- 14:22:32 [43069s] 波次启动 3 腿(第1次)@localhost@ae559e04: ['审2A', '审2B', '硬伤2']
- 14:28:45 [43442s] !! 即时回传[波次-审2A] 增量包 6.9MB 超过 6MB，改走目录级 checkpoint 兜底
- 14:29:55 [43512s] checkpoint[超限兜底-波次-审2A-交接]: 45 文件
- 14:31:59 [43636s] checkpoint[超限兜底-波次-审2A-求解]: 80 文件
- 14:34:11 [43768s] checkpoint[超限兜底-波次-审2A-论文]: 80 文件
- 14:35:43 [43860s] checkpoint[超限兜底-波次-审2A-审稿]: 63 文件
- 14:37:51 [43988s] checkpoint[超限兜底-波次-审2A-日志]: 79 文件
- 14:38:58 [44055s] S5 轮2 面板均分=7.15（A=7.2 B=7.1）硬伤=7条 评委第一印象=7.8
- 14:39:08 [44065s] checkpoint[S5-轮2]: 6 文件
- 14:39:17 [44074s] S5 轮2 修订单 24 条 → 算0/图0/文24（先算后图后文）
- 14:39:21 [44079s] checkpoint[S5-修订单2]: 1 文件
[exec OK 4074ms] launched
- 14:39:40 [44097s] 波次启动 1 腿(第1次)@localhost@ae559e04: ['回炉文_轮2_1']
- 14:52:38 [44875s] 即时回传[波次-回炉文_轮2_1]: 31 文件 / 6263KB（累计 610 文件）
[exec OK 3469ms] launched
- 14:52:59 [44897s] 波次启动 1 腿(第1次)@localhost@ae559e04: ['回炉文_轮2_2']
- 15:03:43 [45540s] 即时回传[波次-回炉文_轮2_2]: 38 文件 / 5785KB（累计 648 文件）
- 15:04:19 [45576s] 编译#修20: E=0 O=0 P=83 摘要页=1
- 15:04:37 [45594s] checkpoint[S5-轮2修订后]: 11 文件
- 15:05:09 [45626s] 编译#审3前: E=0 O=0 P=83 摘要页=1
[exec OK 5017ms] launched
[exec OK 3214ms] launched
[exec OK 3759ms] launched
- 15:06:07 [45684s] 波次启动 3 腿(第1次)@localhost@ae559e04: ['审3A', '审3B', '硬伤3']
- 15:13:28 [46125s] !! 即时回传[波次-审3A] 增量包 6.5MB 超过 6MB，改走目录级 checkpoint 兜底
- 15:14:37 [46194s] checkpoint[超限兜底-波次-审3A-交接]: 45 文件
- 15:16:41 [46318s] checkpoint[超限兜底-波次-审3A-求解]: 80 文件
- 15:18:43 [46440s] checkpoint[超限兜底-波次-审3A-论文]: 80 文件
- 15:20:17 [46534s] checkpoint[超限兜底-波次-审3A-审稿]: 63 文件
- 15:22:25 [46662s] checkpoint[超限兜底-波次-审3A-日志]: 80 文件
- 15:23:31 [46728s] S5 轮3 面板均分=6.05（A=6.9 B=5.2）硬伤=2条 评委第一印象=8.0
- 15:23:42 [46739s] checkpoint[S5-轮3]: 6 文件
- 15:23:51 [46748s] S5 轮3 修订单 17 条 → 算0/图0/文17（先算后图后文）
- 15:23:56 [46753s] checkpoint[S5-修订单3]: 1 文件
[exec OK 3955ms] launched
- 15:24:14 [46771s] 波次启动 1 腿(第1次)@localhost@ae559e04: ['回炉文_轮3_1']
- 15:32:47 [47284s] 即时回传[波次-回炉文_轮3_1]: 35 文件 / 5979KB（累计 683 文件）
[exec OK 3305ms] launched
- 15:33:10 [47307s] 波次启动 1 腿(第1次)@localhost@ae559e04: ['回炉文_轮3_2']
- 15:38:53 [47650s] 即时回传[波次-回炉文_轮3_2]: 25 文件 / 5071KB（累计 708 文件）
- 15:39:30 [47687s] 编译#修30: E=0 O=0 P=85 摘要页=1
- 15:39:49 [47706s] checkpoint[S5-轮3修订后]: 11 文件
- 15:40:24 [47742s] 编译#审4前: E=0 O=0 P=85 摘要页=1
[exec OK 3891ms] launched
[exec OK 3923ms] launched
[exec OK 3654ms] launched
- 15:41:22 [47799s] 波次启动 3 腿(第1次)@localhost@ae559e04: ['审4A', '审4B', '硬伤4']
- 15:46:28 [48105s] !! 即时回传[波次-审4A] 增量包 7.0MB 超过 6MB，改走目录级 checkpoint 兜底
- 15:47:38 [48175s] checkpoint[超限兜底-波次-审4A-交接]: 46 文件
- 15:49:46 [48303s] checkpoint[超限兜底-波次-审4A-求解]: 80 文件
- 15:51:49 [48426s] checkpoint[超限兜底-波次-审4A-论文]: 80 文件
- 15:53:26 [48523s] checkpoint[超限兜底-波次-审4A-审稿]: 64 文件
- 15:55:41 [48658s] checkpoint[超限兜底-波次-审4A-日志]: 80 文件
- 15:56:46 [48723s] S5 轮4 面板均分=6.30（A=6.7 B=5.9）硬伤=6条 评委第一印象=7.8
- 15:56:57 [48734s] checkpoint[S5-轮4]: 6 文件
- 15:56:57 [48734s] S5 轮数上限：均分6.30 硬伤6条 → 退出（剩余问题记入运行日志）
- 15:57:30 [48767s] 编译#美1: E=0 O=0 P=85 摘要页=1
- 16:00:45 [48962s] S5b 美化轮1: 页问题86条 美观分均值4.7
- 16:01:05 [48982s] checkpoint[S5b-美化1]: 11 文件
[exec OK 3552ms] launched
- 16:01:24 [49001s] 波次启动 1 腿(第1次)@localhost@ae559e04: ['排版执行1']
- 16:11:34 [49611s] !! 即时回传[波次-排版执行1] 增量包 11.2MB 超过 6MB，改走目录级 checkpoint 兜底
- 16:12:45 [49682s] checkpoint[超限兜底-波次-排版执行1-交接]: 46 文件
- 16:14:56 [49813s] checkpoint[超限兜底-波次-排版执行1-求解]: 80 文件
- 16:17:15 [49952s] checkpoint[超限兜底-波次-排版执行1-论文]: 80 文件
- 16:18:57 [50054s] checkpoint[超限兜底-波次-排版执行1-审稿]: 64 文件
- 16:21:14 [50191s] checkpoint[超限兜底-波次-排版执行1-日志]: 79 文件
- 16:21:51 [50228s] 编译#美修10: E=0 O=1 P=88 摘要页=1
- 16:22:24 [50261s] 编译#美2: E=0 O=1 P=88 摘要页=1
- 16:25:45 [50462s] S5b 美化轮2: 页问题89条 美观分均值4.9
- 16:26:05 [50482s] checkpoint[S5b-美化2]: 11 文件
[exec OK 4007ms] launched
- 16:26:26 [50503s] 波次启动 1 腿(第1次)@localhost@ae559e04: ['排版执行2']
- 16:36:37 [51114s] !! 即时回传[波次-排版执行2] 增量包 6.8MB 超过 6MB，改走目录级 checkpoint 兜底
- 16:37:50 [51187s] checkpoint[超限兜底-波次-排版执行2-交接]: 46 文件
- 16:39:58 [51315s] checkpoint[超限兜底-波次-排版执行2-求解]: 80 文件
- 16:42:15 [51452s] checkpoint[超限兜底-波次-排版执行2-论文]: 80 文件
- 16:44:06 [51563s] checkpoint[超限兜底-波次-排版执行2-审稿]: 75 文件
- 16:46:26 [51703s] checkpoint[超限兜底-波次-排版执行2-日志]: 80 文件
- 16:47:02 [51739s] 编译#美修20: E=0 O=2 P=126 摘要页=1
- 16:47:34 [51771s] 编译#终编0: E=0 O=2 P=126 摘要页=1
- 16:47:45 [51782s] 门[G5] 第1次检查 FAIL（累计1）：["末轮硬伤未清零：6 条（['逻辑幻觉', '逻辑幻觉', '逻辑幻觉', '创新不足', '创新不足']）", '正文页数 125 超过 20 页', '附录 lstlisting 代码过少或缺失（125 字符）', "引用键不在文献卡片库：['bornwolf1999', 'huber1964robust', 'kay1988spectral', 'kunsch1989bootstrap', 'wang2013sic']", '图数 24 不在 16-22 区间', "有 7 张图未被正文引用：['硅片双角与联合厚度的经验分位区间.png', '碳化硅条件触发与修正代价仪表.png', 
- 16:47:45 [51782s] 门[G5] 派返工
[exec OK 3612ms] launched
- 16:48:04 [51801s] 波次启动 1 腿(第1次)@localhost@ae559e04: ['G5返工']
- 16:57:15 [52352s] 即时回传[波次-G5返工]: 31 文件 / 5852KB（累计 739 文件）
- 16:57:39 [52376s] checkpoint[G5-返工]: 12 文件
- 16:57:57 [52394s] 编译#终编0: E=0 O=1 P=27 摘要页=1
- 16:58:08 [52405s] 门[G5] 第2次检查 PASS
- 16:58:26 [52423s] 编译#终: E=0 O=1 P=27 摘要页=1
- 16:58:32 [52429s] S6 终审：E=0 页数=27 渲染27页
- 17:00:21 [52538s] S6 逐页终审：14 条必改
- 17:00:30 [52547s] checkpoint[S6-终审]: 4 文件
[exec OK 3516ms] launched
- 17:00:50 [52567s] 波次启动 1 腿(第1次)@localhost@ae559e04: ['终审整改']
- 17:08:46 [53043s] !! 即时回传[波次-终审整改] 增量包 6.6MB 超过 6MB，改走目录级 checkpoint 兜底
- 17:10:01 [53118s] checkpoint[超限兜底-波次-终审整改-交接]: 46 文件
- 17:12:06 [53243s] checkpoint[超限兜底-波次-终审整改-求解]: 80 文件
- 17:14:22 [53379s] checkpoint[超限兜底-波次-终审整改-论文]: 80 文件
- 17:16:20 [53497s] checkpoint[超限兜底-波次-终审整改-审稿]: 80 文件
- 17:18:35 [53632s] checkpoint[超限兜底-波次-终审整改-日志]: 80 文件
- 17:18:56 [53653s] 编译#终整改0: E=0 O=1 P=30 摘要页=1
- 17:19:15 [53672s] 编译#出版: E=0 O=1 P=30 摘要页=1
- 17:26:48 [54125s] S6 终稿收割 287 文件 → 真题测试/成品
- 17:26:48 [54125s] 终态：E=0 Overfull=1 页数=30 总腿数=328 用时902分钟
- 17:30:08 [54325s] 复盘报告 解析失败([Errno 2] No such file or directory: '真题测试/蜂巢镜像/审稿/复盘报告.json')，尝试1
[exec OK 3694ms] launched
- 17:30:27 [54344s] 波次启动 1 腿(第1次)@localhost@ae559e04: ['修json_复盘报告']
- 17:35:40 [54657s] 即时回传[波次-修json_复盘报告]: 19 文件 / 4651KB（累计 758 文件）
- 17:35:54 [54671s] checkpoint[S6-复盘]: 1 文件
- 17:35:58 [54675s] S6 复盘报告：瓶颈7项 规则库建议9条
驾驶结束
